LCD_1inch28.c:30:13:LCD_1IN28_Reset	8	static
LCD_1inch28.c:40:6:LCD_1IN28_SendCommand	32	static
LCD_1inch28.c:55:13:LCD_1IN28_SendData_8Bit	32	static
LCD_1inch28.c:69:13:LCD_1IN28_SendData_16Bit	32	static
LCD_1inch28.c:82:13:LCD_1IN28_InitReg	8	static
LCD_1inch28.c:328:13:LCD_1IN28_SetAttributes	24	static
LCD_1inch28.c:355:6:LCD_1IN28_Init	16	static
LCD_1inch28.c:376:6:LCD_1IN28_SetWindows	24	static
LCD_1inch28.c:399:6:LCD_1IN28_Clear	32	static
LCD_1inch28.c:419:6:LCD_1IN28_Clear_I2C	32	static
LCD_1inch28.c:445:6:LCD_1IN28_Display	40	static
LCD_1inch28.c:471:6:LCD_1IN28_Display_I2C	40	static
LCD_1inch28.c:492:6:LCD_1IN28_DisplayWindows	32	static
LCD_1inch28.c:516:6:LCD_1IN28_DrawPaint	16	static
LCD_1inch28.c:528:6:LCD_1IN28_SetBackLight	16	static
